The map file of "LockRace" application

Tue May 28 20:17:08 PDT 2013

============================================================
simpleRTJ java class file linker, ver: 1.2.3 (18-Dec-2001)
Copyright (c) 2000 RTJ Computing, All Rights Reserved.
This software is not licensed and can only be used for evaluation purposes.
============================================================


Memory model:   LINEAR 16MB

Formated outputs base address: 0x00000000  

************************************************************
* Magic number:          0xCAFEBABE
* ClassLinker version:   1.2.3
* Checksum
*     Start position:    0x00000014  
*     Length:            0x0000184C  
*     LRC:               0x47
* Application ID:        "rose"
* Application Name:      "NetTest Application"
************************************************************

Static Fields Size:         0x00000010  
Exception table Offset:     0x00000104  
main() Method Offset:       0x0000037C  
java/lang/Thread Offset:    0x000001B8  
java/lang/Object Offset:    0x00000134  
java/lang/Cloneable Offset: 0x00000264  
java/io/Serializable Offset:0x00000284  
java/lang/String Offset:    0x00000D2C  
String.value Offset:        0x00000DDC  
String.count Offset:        0x00000DE4  
String.offset Offset:       0x00000DE0  
Number of classes:          0x00000023   (35)
Max. Frame Size:            0x0000002C   (44)
Max. Instance Size:         0x00000010   (16)


<< CLASS OFFSETS TABLE >>
Index   Offset             Size      Name
------------------------------------------------------------------------------
    0   0x00000134          132      java/lang/Object
    1   0x000001B8          172      java/lang/Thread
    2   0x00000264           32      java/lang/Cloneable
    3   0x00000284           32      java/io/Serializable
    4   0x000002A4          424      LockRace
    5   0x0000044C          104      java/lang/InternalError
    6   0x000004B4          104      java/lang/OutOfMemoryError
    7   0x0000051C          104      java/lang/NoSuchMethodError
    8   0x00000584          104      java/lang/AbstractMethodError
    9   0x000005EC          104      java/lang/NullPointerException
   10   0x00000654          104      java/lang/IndexOutOfBoundsException
   11   0x000006BC          104      java/lang/ArrayStoreException
   12   0x00000724          104      java/lang/ArithmeticException
   13   0x0000078C          104      java/lang/ClassCastException
   14   0x000007F4          104      java/lang/NegativeArraySizeException
   15   0x0000085C          104      java/lang/IllegalMonitorStateException
   16   0x000008C4          156      Spinlock
   17   0x00000960          744      java/lang/StringBuffer
   18   0x00000C48          228      uvic/posix/Thread
   19   0x00000D2C          692      java/lang/String
   20   0x00000FE0          124      java/lang/System
   21   0x0000105C          104      java/lang/VirtualMachineError
   22   0x000010C4          104      java/lang/IncompatibleClassChangeError
   23   0x0000112C          104      java/lang/RuntimeException
   24   0x00001194            8      [C
   25   0x0000119C          604      java/lang/Integer
   26   0x000013F8          104      java/lang/Error
   27   0x00001460          104      java/lang/LinkageError
   28   0x000014C8          104      java/lang/Exception
   29   0x00001530          204      java/lang/Throwable
   30   0x000015FC           60      java/lang/Runnable
   31   0x00001638           68      java/lang/Number
   32   0x0000167C          104      java/lang/StringIndexOutOfBoundsException
   33   0x000016E4          276      java/lang/Character
   34   0x000017F8          104      java/lang/Math


<< RUN-TIME EXCEPTION OFFSETS TABLE >>
Index   Offset            Name
------------------------------------------------------------------------------
    1   0x0000044C        java/lang/InternalError
    2   0x000004B4        java/lang/OutOfMemoryError
    3   0x0000051C        java/lang/NoSuchMethodError
    4   0x00000584        java/lang/AbstractMethodError
    5   0x000005EC        java/lang/NullPointerException
    6   0x00000654        java/lang/IndexOutOfBoundsException
    7   0x000006BC        java/lang/ArrayStoreException
    8   0x00000724        java/lang/ArithmeticException
    9   0x0000078C        java/lang/ClassCastException
   10   0x000007F4        java/lang/NegativeArraySizeException
   11   0x0000085C        java/lang/IllegalMonitorStateException


############################################################
#  CLASS: java/lang/Object    (132 bytes)
############################################################
Index:              0
Offset:             0x00000134  
Access flags:       0x0021     (SYNCHRONIZED PUBLIC)
Interfaces table:   0x00000000  
Super Offset:       -
run() Offset:       -
<clinit> Offset:    -
Methods Count:      0x00000003   (3)
Meth. Table Offset: 0x0000015C  

<< Constant Pool Offsets Table >>
Index       Offset        Type                  Name/Value
------------------------------------------------------------------------------
0x0000      0x000001A4    MethodRef             java/lang/Object.hashCode
0x0001      0x0000133C    MethodRef             java/lang/Integer.toHexString

<< Method Hashcode/Offsets Table >>
Hashcode       Offset              Name & Signature
------------------------------------------------------------------------------
0x0C1C         0x00000174          java.lang.Object.<init> ()V
0xFCAD         0x00000188          java.lang.Object.toString ()Ljava/lang/String;
0x5D19         0x000001A4          java.lang.Object.hashCode ()I

<< Constants >>
Offset        Type          Size      Hashcode      Value
------------------------------------------------------------------------------

<< Fields >>
Offset        Name                 Type     Index    Flags
------------------------------------------------------------------------------

<< Methods >>
<init> ()V
------------------------------
    Offset:          0x00000174  
    Access flags:    0x0001     (PUBLIC)
    Locals size:     0x00000004  
    Bytecodes size:  0x00000002  
    Bytecodes start: 0x00000184  
    Hashcode:        0x0C1C    
    nArgs words:     0
    Exception table: -

toString ()Ljava/lang/String;
------------------------------
    Offset:          0x00000188  
    Access flags:    0x0001     (PUBLIC)
    Locals size:     0x00000004  
    Bytecodes size:  0x00000008  
    Bytecodes start: 0x00000198  
    Hashcode:        0xFCAD    
    nArgs words:     0
    Exception table: -

hashCode ()I
------------------------------
    Offset:          0x000001A4  
    Native Index:    0x0000F00C  
    Access flags:    0x4101     (RET_VAL NATIVE PUBLIC)
    Locals size:     0x00000000  
    Bytecodes size:  0x00000000  
    Bytecodes start: 0x000001B4  
    Hashcode:        0x5D19    
    nArgs words:     0
    Exception table: -




############################################################
#  CLASS: java/lang/Thread    (172 bytes)
############################################################
Index:              1
Offset:             0x000001B8  
Access flags:       0x0021     (SYNCHRONIZED PUBLIC)
Interfaces table:   0x0000025C  
Super Offset:       0x00000134   (java/lang/Object)
run() Offset:       0x00000238  
<clinit> Offset:    -
Methods Count:      0x00000003   (3)
Meth. Table Offset: 0x000001E8  

<< Constant Pool Offsets Table >>
Index       Offset        Type                  Name/Value
------------------------------------------------------------------------------
0x0000      0x0000021C    MethodRef             java/lang/Thread.<init>
0x0001      0x00000174    MethodRef             java/lang/Object.<init>
0x0002      0x00000200    FieldRef              java/lang/Thread.target
0x0003      0x00001624    InterfaceMethodRef    java/lang/Runnable.run

<< Method Hashcode/Offsets Table >>
Hashcode       Offset              Name & Signature
------------------------------------------------------------------------------
0x0C1C         0x00000204          java.lang.Thread.<init> ()V
0x6EBB         0x0000021C          java.lang.Thread.<init> (Ljava/lang/Runnable;)V
0x0EF3         0x00000238          java.lang.Thread.run ()V

<< Constants >>
Offset        Type          Size      Hashcode      Value
------------------------------------------------------------------------------

<< Fields >>
Offset        Name                 Type     Index    Flags
------------------------------------------------------------------------------
0x00000200    target               L            0    PRIVATE

<< Interfaces offset table >>
Index  Offset      Interface
------------------------------------------------------------------------------
 0     0x000015FC    java/lang/Runnable

<< Methods >>
<init> ()V
------------------------------
    Offset:          0x00000204  
    Access flags:    0x0001     (PUBLIC)
    Locals size:     0x00000004  
    Bytecodes size:  0x00000006  
    Bytecodes start: 0x00000214  
    Hashcode:        0x0C1C    
    nArgs words:     0
    Exception table: -

<init> (Ljava/lang/Runnable;)V
------------------------------
    Offset:          0x0000021C  
    Access flags:    0x0001     (PUBLIC)
    Locals size:     0x00000008  
    Bytecodes size:  0x0000000A  
    Bytecodes start: 0x0000022C  
    Hashcode:        0x6EBB    
    nArgs words:     1
    Exception table: -

run ()V
------------------------------
    Offset:          0x00000238  
    Access flags:    0x0001     (PUBLIC)
    Locals size:     0x00000004  
    Bytecodes size:  0x00000012  
    Bytecodes start: 0x00000248  
    Hashcode:        0x0EF3    
    nArgs words:     0
    Exception table: -




############################################################
#  INTERFACE: java/lang/Cloneable    (32 bytes)
############################################################
Index:              2
Offset:             0x00000264  
Access flags:       0x0601     (ABSTRACT INTERFACE PUBLIC)
Interfaces table:   0x00000000  
Super Offset:       0x00000134   (java/lang/Object)
run() Offset:       -
<clinit> Offset:    -
Methods Count:      0x00000000   (0)
Meth. Table Offset: 0x00000000  

<< Constant Pool Offsets Table >>
Index       Offset        Type                  Name/Value
------------------------------------------------------------------------------

<< Method Hashcode/Offsets Table >>
Hashcode       Offset              Name & Signature
------------------------------------------------------------------------------

<< Constants >>
Offset        Type          Size      Hashcode      Value
------------------------------------------------------------------------------

<< Fields >>
Offset        Name                 Type     Index    Flags
------------------------------------------------------------------------------

<< Methods >>



############################################################
#  INTERFACE: java/io/Serializable    (32 bytes)
############################################################
Index:              3
Offset:             0x00000284  
Access flags:       0x0601     (ABSTRACT INTERFACE PUBLIC)
Interfaces table:   0x00000000  
Super Offset:       0x00000134   (java/lang/Object)
run() Offset:       -
<clinit> Offset:    -
Methods Count:      0x00000000   (0)
Meth. Table Offset: 0x00000000  

<< Constant Pool Offsets Table >>
Index       Offset        Type                  Name/Value
------------------------------------------------------------------------------

<< Method Hashcode/Offsets Table >>
Hashcode       Offset              Name & Signature
------------------------------------------------------------------------------

<< Constants >>
Offset        Type          Size      Hashcode      Value
------------------------------------------------------------------------------

<< Fields >>
Offset        Name                 Type     Index    Flags
------------------------------------------------------------------------------

<< Methods >>



############################################################
#  CLASS: LockRace    (424 bytes)
############################################################
Index:              4
Offset:             0x000002A4  
Access flags:       0x0021     (SYNCHRONIZED PUBLIC)
Interfaces table:   0x00000000  
Super Offset:       0x00000C48   (uvic/posix/Thread)
run() Offset:       0x000003FC  
<clinit> Offset:    -
Methods Count:      0x00000003   (3)
Meth. Table Offset: 0x0000031C  

<< Constant Pool Offsets Table >>
Index       Offset        Type                  Name/Value
------------------------------------------------------------------------------
0x0000      0x00000CA4    MethodRef             uvic/posix/Thread.<init>
0x0001      0x0000035C    FieldRef              LockRace.n
0x0002      0x000002A4    Class                 LockRace
0x0003      0x00000360    MethodRef             LockRace.<init>
0x0004      0x0000034C    FieldRef              LockRace.s1
0x0005      0x00000350    FieldRef              LockRace.s2
0x0006      0x000008C4    Class                 Spinlock
0x0007      0x00000908    MethodRef             Spinlock.<init>
0x0008      0x00000354    FieldRef              LockRace.l1
0x0009      0x00000358    FieldRef              LockRace.l2
0x000A      0x00000CD8    MethodRef             uvic/posix/Thread.start
0x000B      0x00000CEC    MethodRef             uvic/posix/Thread.set
0x000C      0x00000960    Class                 java/lang/StringBuffer
0x000D      0x00000A2C    MethodRef             java/lang/StringBuffer.<init>
0x000E      0x00000334    String                "s1: "
0x000F      0x00000A54    MethodRef             java/lang/StringBuffer.append
0x0010      0x00000A80    MethodRef             java/lang/StringBuffer.append
0x0011      0x00000C2C    MethodRef             java/lang/StringBuffer.toString
0x0012      0x00001048    MethodRef             java/lang/System.println
0x0013      0x00000340    String                "s2: "
0x0014      0x00000924    MethodRef             Spinlock.lock
0x0015      0x00000948    MethodRef             Spinlock.unlock

<< Method Hashcode/Offsets Table >>
Hashcode       Offset              Name & Signature
------------------------------------------------------------------------------
0x6EE3         0x00000360          LockRace.<init> (I)V
0x50DC         0x0000037C          LockRace.main ([Ljava/lang/String;)V
0x0EF3         0x000003FC          LockRace.run ()V

<< Constants >>
Offset        Type          Size      Hashcode      Value
------------------------------------------------------------------------------
0x00000334    String           4      0x7318        "s1: "
0x00000340    String           4      0x8CE8        "s2: "

<< Fields >>
Offset        Name                 Type     Index    Flags
------------------------------------------------------------------------------
0x0000034C    s1                   I            0    STATIC
0x00000350    s2                   I            1    STATIC
0x00000354    l1                   L            2    STATIC
0x00000358    l2                   L            3    STATIC
0x0000035C    n                    I            1    

<< Methods >>
<init> (I)V
------------------------------
    Offset:          0x00000360  
    Access flags:    0x0000    
    Locals size:     0x00000008  
    Bytecodes size:  0x0000000A  
    Bytecodes start: 0x00000370  
    Hashcode:        0x6EE3    
    nArgs words:     1
    Exception table: -

main ([Ljava/lang/String;)V
------------------------------
    Offset:          0x0000037C  
    Access flags:    0x0008     (STATIC)
    Locals size:     0x0000000C  
    Bytecodes size:  0x0000006E  
    Bytecodes start: 0x0000038C  
    Hashcode:        0x50DC    
    nArgs words:     1
    Exception table: -

run ()V
------------------------------
    Offset:          0x000003FC  
    Access flags:    0x0001     (PUBLIC)
    Locals size:     0x00000008  
    Bytecodes size:  0x0000003E  
    Bytecodes start: 0x0000040C  
    Hashcode:        0x0EF3    
    nArgs words:     0
    Exception table: -




############################################################
#  CLASS: java/lang/InternalError    (104 bytes)
############################################################
Index:              5
Offset:             0x0000044C  
Access flags:       0x0021     (SYNCHRONIZED PUBLIC)
Interfaces table:   0x00000000  
Super Offset:       0x0000105C   (java/lang/VirtualMachineError)
run() Offset:       -
<clinit> Offset:    -
Methods Count:      0x00000002   (2)
Meth. Table Offset: 0x00000474  

<< Constant Pool Offsets Table >>
Index       Offset        Type                  Name/Value
------------------------------------------------------------------------------
0x0000      0x00001094    MethodRef             java/lang/VirtualMachineError.<init>
0x0001      0x000010AC    MethodRef             java/lang/VirtualMachineError.<init>

<< Method Hashcode/Offsets Table >>
Hashcode       Offset              Name & Signature
------------------------------------------------------------------------------
0x0C1C         0x00000484          java.lang.InternalError.<init> ()V
0x716E         0x0000049C          java.lang.InternalError.<init> (Ljava/lang/String;)V

<< Constants >>
Offset        Type          Size      Hashcode      Value
------------------------------------------------------------------------------

<< Fields >>
Offset        Name                 Type     Index    Flags
------------------------------------------------------------------------------

<< Methods >>
<init> ()V
------------------------------
    Offset:          0x00000484  
    Access flags:    0x0001     (PUBLIC)
    Locals size:     0x00000004  
    Bytecodes size:  0x00000006  
    Bytecodes start: 0x00000494  
    Hashcode:        0x0C1C    
    nArgs words:     0
    Exception table: -

<init> (Ljava/lang/String;)V
------------------------------
    Offset:          0x0000049C  
    Access flags:    0x0001     (PUBLIC)
    Locals size:     0x00000008  
    Bytecodes size:  0x00000006  
    Bytecodes start: 0x000004AC  
    Hashcode:        0x716E    
    nArgs words:     1
    Exception table: -




############################################################
#  CLASS: java/lang/OutOfMemoryError    (104 bytes)
############################################################
Index:              6
Offset:             0x000004B4  
Access flags:       0x0021     (SYNCHRONIZED PUBLIC)
Interfaces table:   0x00000000  
Super Offset:       0x0000105C   (java/lang/VirtualMachineError)
run() Offset:       -
<clinit> Offset:    -
Methods Count:      0x00000002   (2)
Meth. Table Offset: 0x000004DC  

<< Constant Pool Offsets Table >>
Index       Offset        Type                  Name/Value
------------------------------------------------------------------------------
0x0000      0x00001094    MethodRef             java/lang/VirtualMachineError.<init>
0x0001      0x000010AC    MethodRef             java/lang/VirtualMachineError.<init>

<< Method Hashcode/Offsets Table >>
Hashcode       Offset              Name & Signature
------------------------------------------------------------------------------
0x0C1C         0x000004EC          java.lang.OutOfMemoryError.<init> ()V
0x716E         0x00000504          java.lang.OutOfMemoryError.<init> (Ljava/lang/String;)V

<< Constants >>
Offset        Type          Size      Hashcode      Value
------------------------------------------------------------------------------

<< Fields >>
Offset        Name                 Type     Index    Flags
------------------------------------------------------------------------------

<< Methods >>
<init> ()V
------------------------------
    Offset:          0x000004EC  
    Access flags:    0x0001     (PUBLIC)
    Locals size:     0x00000004  
    Bytecodes size:  0x00000006  
    Bytecodes start: 0x000004FC  
    Hashcode:        0x0C1C    
    nArgs words:     0
    Exception table: -

<init> (Ljava/lang/String;)V
------------------------------
    Offset:          0x00000504  
    Access flags:    0x0001     (PUBLIC)
    Locals size:     0x00000008  
    Bytecodes size:  0x00000006  
    Bytecodes start: 0x00000514  
    Hashcode:        0x716E    
    nArgs words:     1
    Exception table: -




############################################################
#  CLASS: java/lang/NoSuchMethodError    (104 bytes)
############################################################
Index:              7
Offset:             0x0000051C  
Access flags:       0x0021     (SYNCHRONIZED PUBLIC)
Interfaces table:   0x00000000  
Super Offset:       0x000010C4   (java/lang/IncompatibleClassChangeError)
run() Offset:       -
<clinit> Offset:    -
Methods Count:      0x00000002   (2)
Meth. Table Offset: 0x00000544  

<< Constant Pool Offsets Table >>
Index       Offset        Type                  Name/Value
------------------------------------------------------------------------------
0x0000      0x000010FC    MethodRef             java/lang/IncompatibleClassChangeError.<init>
0x0001      0x00001114    MethodRef             java/lang/IncompatibleClassChangeError.<init>

<< Method Hashcode/Offsets Table >>
Hashcode       Offset              Name & Signature
------------------------------------------------------------------------------
0x0C1C         0x00000554          java.lang.NoSuchMethodError.<init> ()V
0x716E         0x0000056C          java.lang.NoSuchMethodError.<init> (Ljava/lang/String;)V

<< Constants >>
Offset        Type          Size      Hashcode      Value
------------------------------------------------------------------------------

<< Fields >>
Offset        Name                 Type     Index    Flags
------------------------------------------------------------------------------

<< Methods >>
<init> ()V
------------------------------
    Offset:          0x00000554  
    Access flags:    0x0001     (PUBLIC)
    Locals size:     0x00000004  
    Bytecodes size:  0x00000006  
    Bytecodes start: 0x00000564  
    Hashcode:        0x0C1C    
    nArgs words:     0
    Exception table: -

<init> (Ljava/lang/String;)V
------------------------------
    Offset:          0x0000056C  
    Access flags:    0x0001     (PUBLIC)
    Locals size:     0x00000008  
    Bytecodes size:  0x00000006  
    Bytecodes start: 0x0000057C  
    Hashcode:        0x716E    
    nArgs words:     1
    Exception table: -




############################################################
#  CLASS: java/lang/AbstractMethodError    (104 bytes)
############################################################
Index:              8
Offset:             0x00000584  
Access flags:       0x0021     (SYNCHRONIZED PUBLIC)
Interfaces table:   0x00000000  
Super Offset:       0x000010C4   (java/lang/IncompatibleClassChangeError)
run() Offset:       -
<clinit> Offset:    -
Methods Count:      0x00000002   (2)
Meth. Table Offset: 0x000005AC  

<< Constant Pool Offsets Table >>
Index       Offset        Type                  Name/Value
------------------------------------------------------------------------------
0x0000      0x000010FC    MethodRef             java/lang/IncompatibleClassChangeError.<init>
0x0001      0x00001114    MethodRef             java/lang/IncompatibleClassChangeError.<init>

<< Method Hashcode/Offsets Table >>
Hashcode       Offset              Name & Signature
------------------------------------------------------------------------------
0x0C1C         0x000005BC          java.lang.AbstractMethodError.<init> ()V
0x716E         0x000005D4          java.lang.AbstractMethodError.<init> (Ljava/lang/String;)V

<< Constants >>
Offset        Type          Size      Hashcode      Value
------------------------------------------------------------------------------

<< Fields >>
Offset        Name                 Type     Index    Flags
------------------------------------------------------------------------------

<< Methods >>
<init> ()V
------------------------------
    Offset:          0x000005BC  
    Access flags:    0x0001     (PUBLIC)
    Locals size:     0x00000004  
    Bytecodes size:  0x00000006  
    Bytecodes start: 0x000005CC  
    Hashcode:        0x0C1C    
    nArgs words:     0
    Exception table: -

<init> (Ljava/lang/String;)V
------------------------------
    Offset:          0x000005D4  
    Access flags:    0x0001     (PUBLIC)
    Locals size:     0x00000008  
    Bytecodes size:  0x00000006  
    Bytecodes start: 0x000005E4  
    Hashcode:        0x716E    
    nArgs words:     1
    Exception table: -




############################################################
#  CLASS: java/lang/NullPointerException    (104 bytes)
############################################################
Index:              9
Offset:             0x000005EC  
Access flags:       0x0021     (SYNCHRONIZED PUBLIC)
Interfaces table:   0x00000000  
Super Offset:       0x0000112C   (java/lang/RuntimeException)
run() Offset:       -
<clinit> Offset:    -
Methods Count:      0x00000002   (2)
Meth. Table Offset: 0x00000614  

<< Constant Pool Offsets Table >>
Index       Offset        Type                  Name/Value
------------------------------------------------------------------------------
0x0000      0x00001164    MethodRef             java/lang/RuntimeException.<init>
0x0001      0x0000117C    MethodRef             java/lang/RuntimeException.<init>

<< Method Hashcode/Offsets Table >>
Hashcode       Offset              Name & Signature
------------------------------------------------------------------------------
0x0C1C         0x00000624          java.lang.NullPointerException.<init> ()V
0x716E         0x0000063C          java.lang.NullPointerException.<init> (Ljava/lang/String;)V

<< Constants >>
Offset        Type          Size      Hashcode      Value
------------------------------------------------------------------------------

<< Fields >>
Offset        Name                 Type     Index    Flags
------------------------------------------------------------------------------

<< Methods >>
<init> ()V
------------------------------
    Offset:          0x00000624  
    Access flags:    0x0001     (PUBLIC)
    Locals size:     0x00000004  
    Bytecodes size:  0x00000006  
    Bytecodes start: 0x00000634  
    Hashcode:        0x0C1C    
    nArgs words:     0
    Exception table: -

<init> (Ljava/lang/String;)V
------------------------------
    Offset:          0x0000063C  
    Access flags:    0x0001     (PUBLIC)
    Locals size:     0x00000008  
    Bytecodes size:  0x00000006  
    Bytecodes start: 0x0000064C  
    Hashcode:        0x716E    
    nArgs words:     1
    Exception table: -




############################################################
#  CLASS: java/lang/IndexOutOfBoundsException    (104 bytes)
############################################################
Index:              10
Offset:             0x00000654  
Access flags:       0x0021     (SYNCHRONIZED PUBLIC)
Interfaces table:   0x00000000  
Super Offset:       0x0000112C   (java/lang/RuntimeException)
run() Offset:       -
<clinit> Offset:    -
Methods Count:      0x00000002   (2)
Meth. Table Offset: 0x0000067C  

<< Constant Pool Offsets Table >>
Index       Offset        Type                  Name/Value
------------------------------------------------------------------------------
0x0000      0x00001164    MethodRef             java/lang/RuntimeException.<init>
0x0001      0x0000117C    MethodRef             java/lang/RuntimeException.<init>

<< Method Hashcode/Offsets Table >>
Hashcode       Offset              Name & Signature
------------------------------------------------------------------------------
0x0C1C         0x0000068C          java.lang.IndexOutOfBoundsException.<init> ()V
0x716E         0x000006A4          java.lang.IndexOutOfBoundsException.<init> (Ljava/lang/String;)V

<< Constants >>
Offset        Type          Size      Hashcode      Value
------------------------------------------------------------------------------

<< Fields >>
Offset        Name                 Type     Index    Flags
------------------------------------------------------------------------------

<< Methods >>
<init> ()V
------------------------------
    Offset:          0x0000068C  
    Access flags:    0x0001     (PUBLIC)
    Locals size:     0x00000004  
    Bytecodes size:  0x00000006  
    Bytecodes start: 0x0000069C  
    Hashcode:        0x0C1C    
    nArgs words:     0
    Exception table: -

<init> (Ljava/lang/String;)V
------------------------------
    Offset:          0x000006A4  
    Access flags:    0x0001     (PUBLIC)
    Locals size:     0x00000008  
    Bytecodes size:  0x00000006  
    Bytecodes start: 0x000006B4  
    Hashcode:        0x716E    
    nArgs words:     1
    Exception table: -




############################################################
#  CLASS: java/lang/ArrayStoreException    (104 bytes)
############################################################
Index:              11
Offset:             0x000006BC  
Access flags:       0x0021     (SYNCHRONIZED PUBLIC)
Interfaces table:   0x00000000  
Super Offset:       0x0000112C   (java/lang/RuntimeException)
run() Offset:       -
<clinit> Offset:    -
Methods Count:      0x00000002   (2)
Meth. Table Offset: 0x000006E4  

<< Constant Pool Offsets Table >>
Index       Offset        Type                  Name/Value
------------------------------------------------------------------------------
0x0000      0x00001164    MethodRef             java/lang/RuntimeException.<init>
0x0001      0x0000117C    MethodRef             java/lang/RuntimeException.<init>

<< Method Hashcode/Offsets Table >>
Hashcode       Offset              Name & Signature
------------------------------------------------------------------------------
0x0C1C         0x000006F4          java.lang.ArrayStoreException.<init> ()V
0x716E         0x0000070C          java.lang.ArrayStoreException.<init> (Ljava/lang/String;)V

<< Constants >>
Offset        Type          Size      Hashcode      Value
------------------------------------------------------------------------------

<< Fields >>
Offset        Name                 Type     Index    Flags
------------------------------------------------------------------------------

<< Methods >>
<init> ()V
------------------------------
    Offset:          0x000006F4  
    Access flags:    0x0001     (PUBLIC)
    Locals size:     0x00000004  
    Bytecodes size:  0x00000006  
    Bytecodes start: 0x00000704  
    Hashcode:        0x0C1C    
    nArgs words:     0
    Exception table: -

<init> (Ljava/lang/String;)V
------------------------------
    Offset:          0x0000070C  
    Access flags:    0x0001     (PUBLIC)
    Locals size:     0x00000008  
    Bytecodes size:  0x00000006  
    Bytecodes start: 0x0000071C  
    Hashcode:        0x716E    
    nArgs words:     1
    Exception table: -




############################################################
#  CLASS: java/lang/ArithmeticException    (104 bytes)
############################################################
Index:              12
Offset:             0x00000724  
Access flags:       0x0021     (SYNCHRONIZED PUBLIC)
Interfaces table:   0x00000000  
Super Offset:       0x0000112C   (java/lang/RuntimeException)
run() Offset:       -
<clinit> Offset:    -
Methods Count:      0x00000002   (2)
Meth. Table Offset: 0x0000074C  

<< Constant Pool Offsets Table >>
Index       Offset        Type                  Name/Value
------------------------------------------------------------------------------
0x0000      0x00001164    MethodRef             java/lang/RuntimeException.<init>
0x0001      0x0000117C    MethodRef             java/lang/RuntimeException.<init>

<< Method Hashcode/Offsets Table >>
Hashcode       Offset              Name & Signature
------------------------------------------------------------------------------
0x0C1C         0x0000075C          java.lang.ArithmeticException.<init> ()V
0x716E         0x00000774          java.lang.ArithmeticException.<init> (Ljava/lang/String;)V

<< Constants >>
Offset        Type          Size      Hashcode      Value
------------------------------------------------------------------------------

<< Fields >>
Offset        Name                 Type     Index    Flags
------------------------------------------------------------------------------

<< Methods >>
<init> ()V
------------------------------
    Offset:          0x0000075C  
    Access flags:    0x0001     (PUBLIC)
    Locals size:     0x00000004  
    Bytecodes size:  0x00000006  
    Bytecodes start: 0x0000076C  
    Hashcode:        0x0C1C    
    nArgs words:     0
    Exception table: -

<init> (Ljava/lang/String;)V
------------------------------
    Offset:          0x00000774  
    Access flags:    0x0001     (PUBLIC)
    Locals size:     0x00000008  
    Bytecodes size:  0x00000006  
    Bytecodes start: 0x00000784  
    Hashcode:        0x716E    
    nArgs words:     1
    Exception table: -




############################################################
#  CLASS: java/lang/ClassCastException    (104 bytes)
############################################################
Index:              13
Offset:             0x0000078C  
Access flags:       0x0021     (SYNCHRONIZED PUBLIC)
Interfaces table:   0x00000000  
Super Offset:       0x0000112C   (java/lang/RuntimeException)
run() Offset:       -
<clinit> Offset:    -
Methods Count:      0x00000002   (2)
Meth. Table Offset: 0x000007B4  

<< Constant Pool Offsets Table >>
Index       Offset        Type                  Name/Value
------------------------------------------------------------------------------
0x0000      0x00001164    MethodRef             java/lang/RuntimeException.<init>
0x0001      0x0000117C    MethodRef             java/lang/RuntimeException.<init>

<< Method Hashcode/Offsets Table >>
Hashcode       Offset              Name & Signature
------------------------------------------------------------------------------
0x0C1C         0x000007C4          java.lang.ClassCastException.<init> ()V
0x716E         0x000007DC          java.lang.ClassCastException.<init> (Ljava/lang/String;)V

<< Constants >>
Offset        Type          Size      Hashcode      Value
------------------------------------------------------------------------------

<< Fields >>
Offset        Name                 Type     Index    Flags
------------------------------------------------------------------------------

<< Methods >>
<init> ()V
------------------------------
    Offset:          0x000007C4  
    Access flags:    0x0001     (PUBLIC)
    Locals size:     0x00000004  
    Bytecodes size:  0x00000006  
    Bytecodes start: 0x000007D4  
    Hashcode:        0x0C1C    
    nArgs words:     0
    Exception table: -

<init> (Ljava/lang/String;)V
------------------------------
    Offset:          0x000007DC  
    Access flags:    0x0001     (PUBLIC)
    Locals size:     0x00000008  
    Bytecodes size:  0x00000006  
    Bytecodes start: 0x000007EC  
    Hashcode:        0x716E    
    nArgs words:     1
    Exception table: -




############################################################
#  CLASS: java/lang/NegativeArraySizeException    (104 bytes)
############################################################
Index:              14
Offset:             0x000007F4  
Access flags:       0x0021     (SYNCHRONIZED PUBLIC)
Interfaces table:   0x00000000  
Super Offset:       0x0000112C   (java/lang/RuntimeException)
run() Offset:       -
<clinit> Offset:    -
Methods Count:      0x00000002   (2)
Meth. Table Offset: 0x0000081C  

<< Constant Pool Offsets Table >>
Index       Offset        Type                  Name/Value
------------------------------------------------------------------------------
0x0000      0x00001164    MethodRef             java/lang/RuntimeException.<init>
0x0001      0x0000117C    MethodRef             java/lang/RuntimeException.<init>

<< Method Hashcode/Offsets Table >>
Hashcode       Offset              Name & Signature
------------------------------------------------------------------------------
0x0C1C         0x0000082C          java.lang.NegativeArraySizeException.<init> ()V
0x716E         0x00000844          java.lang.NegativeArraySizeException.<init> (Ljava/lang/String;)V

<< Constants >>
Offset        Type          Size      Hashcode      Value
------------------------------------------------------------------------------

<< Fields >>
Offset        Name                 Type     Index    Flags
------------------------------------------------------------------------------

<< Methods >>
<init> ()V
------------------------------
    Offset:          0x0000082C  
    Access flags:    0x0001     (PUBLIC)
    Locals size:     0x00000004  
    Bytecodes size:  0x00000006  
    Bytecodes start: 0x0000083C  
    Hashcode:        0x0C1C    
    nArgs words:     0
    Exception table: -

<init> (Ljava/lang/String;)V
------------------------------
    Offset:          0x00000844  
    Access flags:    0x0001     (PUBLIC)
    Locals size:     0x00000008  
    Bytecodes size:  0x00000006  
    Bytecodes start: 0x00000854  
    Hashcode:        0x716E    
    nArgs words:     1
    Exception table: -




############################################################
#  CLASS: java/lang/IllegalMonitorStateException    (104 bytes)
############################################################
Index:              15
Offset:             0x0000085C  
Access flags:       0x0021     (SYNCHRONIZED PUBLIC)
Interfaces table:   0x00000000  
Super Offset:       0x0000112C   (java/lang/RuntimeException)
run() Offset:       -
<clinit> Offset:    -
Methods Count:      0x00000002   (2)
Meth. Table Offset: 0x00000884  

<< Constant Pool Offsets Table >>
Index       Offset        Type                  Name/Value
------------------------------------------------------------------------------
0x0000      0x00001164    MethodRef             java/lang/RuntimeException.<init>
0x0001      0x0000117C    MethodRef             java/lang/RuntimeException.<init>

<< Method Hashcode/Offsets Table >>
Hashcode       Offset              Name & Signature
------------------------------------------------------------------------------
0x0C1C         0x00000894          java.lang.IllegalMonitorStateException.<init> ()V
0x716E         0x000008AC          java.lang.IllegalMonitorStateException.<init> (Ljava/lang/String;)V

<< Constants >>
Offset        Type          Size      Hashcode      Value
------------------------------------------------------------------------------

<< Fields >>
Offset        Name                 Type     Index    Flags
------------------------------------------------------------------------------

<< Methods >>
<init> ()V
------------------------------
    Offset:          0x00000894  
    Access flags:    0x0001     (PUBLIC)
    Locals size:     0x00000004  
    Bytecodes size:  0x00000006  
    Bytecodes start: 0x000008A4  
    Hashcode:        0x0C1C    
    nArgs words:     0
    Exception table: -

<init> (Ljava/lang/String;)V
------------------------------
    Offset:          0x000008AC  
    Access flags:    0x0001     (PUBLIC)
    Locals size:     0x00000008  
    Bytecodes size:  0x00000006  
    Bytecodes start: 0x000008BC  
    Hashcode:        0x716E    
    nArgs words:     1
    Exception table: -




############################################################
#  CLASS: Spinlock    (156 bytes)
############################################################
Index:              16
Offset:             0x000008C4  
Access flags:       0x0021     (SYNCHRONIZED PUBLIC)
Interfaces table:   0x00000000  
Super Offset:       0x00000134   (java/lang/Object)
run() Offset:       -
<clinit> Offset:    -
Methods Count:      0x00000003   (3)
Meth. Table Offset: 0x000008EC  

<< Constant Pool Offsets Table >>
Index       Offset        Type                  Name/Value
------------------------------------------------------------------------------
0x0000      0x00000174    MethodRef             java/lang/Object.<init>
0x0001      0x00000904    FieldRef              Spinlock.locked

<< Method Hashcode/Offsets Table >>
Hashcode       Offset              Name & Signature
------------------------------------------------------------------------------
0x0C1C         0x00000908          Spinlock.<init> ()V
0x2A2C         0x00000924          Spinlock.lock ()V
0x63B8         0x00000948          Spinlock.unlock ()V

<< Constants >>
Offset        Type          Size      Hashcode      Value
------------------------------------------------------------------------------

<< Fields >>
Offset        Name                 Type     Index    Flags
------------------------------------------------------------------------------
0x00000904    locked               Z            0    PRIVATE

<< Methods >>
<init> ()V
------------------------------
    Offset:          0x00000908  
    Access flags:    0x0001     (PUBLIC)
    Locals size:     0x00000004  
    Bytecodes size:  0x0000000A  
    Bytecodes start: 0x00000918  
    Hashcode:        0x0C1C    
    nArgs words:     0
    Exception table: -

lock ()V
------------------------------
    Offset:          0x00000924  
    Access flags:    0x0001     (PUBLIC)
    Locals size:     0x00000004  
    Bytecodes size:  0x00000010  
    Bytecodes start: 0x00000934  
    Hashcode:        0x2A2C    
    nArgs words:     0
    Exception table: -

unlock ()V
------------------------------
    Offset:          0x00000948  
    Access flags:    0x0001     (PUBLIC)
    Locals size:     0x00000004  
    Bytecodes size:  0x00000006  
    Bytecodes start: 0x00000958  
    Hashcode:        0x63B8    
    nArgs words:     0
    Exception table: -




############################################################
#  CLASS: java/lang/StringBuffer    (744 bytes)
############################################################
Index:              17
Offset:             0x00000960  
Access flags:       0x0031     (SYNCHRONIZED FINAL PUBLIC)
Interfaces table:   0x00000000  
Super Offset:       0x00000134   (java/lang/Object)
run() Offset:       -
<clinit> Offset:    -
Methods Count:      0x0000000B   (11)
Meth. Table Offset: 0x000009C8  

<< Constant Pool Offsets Table >>
Index       Offset        Type                  Name/Value
------------------------------------------------------------------------------
0x0000      0x00000174    MethodRef             java/lang/Object.<init>
0x0001      0x00000A28    FieldRef              java/lang/StringBuffer.SPARECAPACITY
0x0002      0x00000A20    FieldRef              java/lang/StringBuffer.buffer
0x0003      0x00000F7C    MethodRef             java/lang/String.valueOf
0x0004      0x00000A24    FieldRef              java/lang/StringBuffer.used
0x0005      0x00001034    MethodRef             java/lang/System.arraycopy
0x0006      0x00000DDC    FieldRef              java/lang/String.value
0x0007      0x00000DE0    FieldRef              java/lang/String.offset
0x0008      0x00000DE4    FieldRef              java/lang/String.count
0x0009      0x00000ADC    MethodRef             java/lang/StringBuffer.append
0x000A      0x00000A54    MethodRef             java/lang/StringBuffer.append
0x000B      0x00000FC0    MethodRef             java/lang/String.valueOf
0x000C      0x00000B48    MethodRef             java/lang/StringBuffer.ensureCapacity
0x000D      0x00000B20    MethodRef             java/lang/StringBuffer.checkIndex
0x000E      0x0000167C    Class                 java/lang/StringIndexOutOfBoundsException
0x000F      0x000016B4    MethodRef             java/lang/StringIndexOutOfBoundsException.<init>
0x0010      0x00000D2C    Class                 java/lang/String
0x0011      0x00000E4C    MethodRef             java/lang/String.<init>

<< Method Hashcode/Offsets Table >>
Hashcode       Offset              Name & Signature
------------------------------------------------------------------------------
0x0C1C         0x00000A2C          java.lang.StringBuffer.<init> ()V
0x88F4         0x00000A54          java.lang.StringBuffer.append (Ljava/lang/String;)Ljava/lang/StringBuffer;
0xCB10         0x00000A80          java.lang.StringBuffer.append (I)Ljava/lang/StringBuffer;
0xF2B5         0x00000A9C          java.lang.StringBuffer.append (C)Ljava/lang/StringBuffer;
0xCA89         0x00000ADC          java.lang.StringBuffer.append ([CII)Ljava/lang/StringBuffer;
0x01BD         0x00000B20          java.lang.StringBuffer.checkIndex (I)V
0xD884         0x00000B48          java.lang.StringBuffer.ensureCapacity (I)V
0xCC73         0x00000B94          java.lang.StringBuffer.getChars (II[CI)V
0xFA4F         0x00000BC4          java.lang.StringBuffer.length ()I
0xCA69         0x00000BDC          java.lang.StringBuffer.reverse ()Ljava/lang/StringBuffer;
0xFCAD         0x00000C2C          java.lang.StringBuffer.toString ()Ljava/lang/String;

<< Constants >>
Offset        Type          Size      Hashcode      Value
------------------------------------------------------------------------------

<< Fields >>
Offset        Name                 Type     Index    Flags
------------------------------------------------------------------------------
0x00000A20    buffer               [            0    PRIVATE
0x00000A24    used                 I            1    PRIVATE
0x00000A28    SPARECAPACITY        I            2    FINAL PRIVATE

<< Methods >>
<init> ()V
------------------------------
    Offset:          0x00000A2C  
    Access flags:    0x0001     (PUBLIC)
    Locals size:     0x00000004  
    Bytecodes size:  0x00000014  
    Bytecodes start: 0x00000A3C  
    Hashcode:        0x0C1C    
    nArgs words:     0
    Exception table: -

append (Ljava/lang/String;)Ljava/lang/StringBuffer;
------------------------------
    Offset:          0x00000A54  
    Access flags:    0x0021     (SYNCHRONIZED PUBLIC)
    Locals size:     0x00000008  
    Bytecodes size:  0x0000001A  
    Bytecodes start: 0x00000A64  
    Hashcode:        0x88F4    
    nArgs words:     1
    Exception table: -

append (I)Ljava/lang/StringBuffer;
------------------------------
    Offset:          0x00000A80  
    Access flags:    0x0001     (PUBLIC)
    Locals size:     0x00000008  
    Bytecodes size:  0x0000000A  
    Bytecodes start: 0x00000A90  
    Hashcode:        0xCB10    
    nArgs words:     1
    Exception table: -

append (C)Ljava/lang/StringBuffer;
------------------------------
    Offset:          0x00000A9C  
    Access flags:    0x0021     (SYNCHRONIZED PUBLIC)
    Locals size:     0x00000008  
    Bytecodes size:  0x0000002E  
    Bytecodes start: 0x00000AAC  
    Hashcode:        0xF2B5    
    nArgs words:     1
    Exception table: -

append ([CII)Ljava/lang/StringBuffer;
------------------------------
    Offset:          0x00000ADC  
    Access flags:    0x0021     (SYNCHRONIZED PUBLIC)
    Locals size:     0x00000010  
    Bytecodes size:  0x00000032  
    Bytecodes start: 0x00000AEC  
    Hashcode:        0xCA89    
    nArgs words:     3
    Exception table: -

checkIndex (I)V
------------------------------
    Offset:          0x00000B20  
    Access flags:    0x0022     (SYNCHRONIZED PRIVATE)
    Locals size:     0x00000008  
    Bytecodes size:  0x00000016  
    Bytecodes start: 0x00000B30  
    Hashcode:        0x01BD    
    nArgs words:     1
    Exception table: -

ensureCapacity (I)V
------------------------------
    Offset:          0x00000B48  
    Access flags:    0x0021     (SYNCHRONIZED PUBLIC)
    Locals size:     0x00000010  
    Bytecodes size:  0x00000038  
    Bytecodes start: 0x00000B58  
    Hashcode:        0xD884    
    nArgs words:     1
    Exception table: -

getChars (II[CI)V
------------------------------
    Offset:          0x00000B94  
    Access flags:    0x0021     (SYNCHRONIZED PUBLIC)
    Locals size:     0x00000014  
    Bytecodes size:  0x0000001C  
    Bytecodes start: 0x00000BA4  
    Hashcode:        0xCC73    
    nArgs words:     4
    Exception table: -

length ()I
------------------------------
    Offset:          0x00000BC4  
    Access flags:    0x0001     (PUBLIC)
    Locals size:     0x00000004  
    Bytecodes size:  0x00000006  
    Bytecodes start: 0x00000BD4  
    Hashcode:        0xFA4F    
    nArgs words:     0
    Exception table: -

reverse ()Ljava/lang/StringBuffer;
------------------------------
    Offset:          0x00000BDC  
    Access flags:    0x0021     (SYNCHRONIZED PUBLIC)
    Locals size:     0x0000000C  
    Bytecodes size:  0x0000003E  
    Bytecodes start: 0x00000BEC  
    Hashcode:        0xCA69    
    nArgs words:     0
    Exception table: -

toString ()Ljava/lang/String;
------------------------------
    Offset:          0x00000C2C  
    Access flags:    0x0001     (PUBLIC)
    Locals size:     0x00000004  
    Bytecodes size:  0x0000000A  
    Bytecodes start: 0x00000C3C  
    Hashcode:        0xFCAD    
    nArgs words:     0
    Exception table: -




############################################################
#  CLASS: uvic/posix/Thread    (228 bytes)
############################################################
Index:              18
Offset:             0x00000C48  
Access flags:       0x0021     (SYNCHRONIZED PUBLIC)
Interfaces table:   0x00000D24  
Super Offset:       0x00000134   (java/lang/Object)
run() Offset:       0x00000D00  
<clinit> Offset:    -
Methods Count:      0x00000005   (5)
Meth. Table Offset: 0x00000C78  

<< Constant Pool Offsets Table >>
Index       Offset        Type                  Name/Value
------------------------------------------------------------------------------
0x0000      0x00000CBC    MethodRef             uvic/posix/Thread.<init>
0x0001      0x00000174    MethodRef             java/lang/Object.<init>
0x0002      0x00000CA0    FieldRef              uvic/posix/Thread.target
0x0003      0x00001624    InterfaceMethodRef    java/lang/Runnable.run

<< Method Hashcode/Offsets Table >>
Hashcode       Offset              Name & Signature
------------------------------------------------------------------------------
0x0C1C         0x00000CA4          uvic.posix.Thread.<init> ()V
0x6EBB         0x00000CBC          uvic.posix.Thread.<init> (Ljava/lang/Runnable;)V
0x82C0         0x00000CD8          uvic.posix.Thread.start (I)V
0x86BE         0x00000CEC          uvic.posix.Thread.set (I)V
0x0EF3         0x00000D00          uvic.posix.Thread.run ()V

<< Constants >>
Offset        Type          Size      Hashcode      Value
------------------------------------------------------------------------------

<< Fields >>
Offset        Name                 Type     Index    Flags
------------------------------------------------------------------------------
0x00000CA0    target               L            0    PRIVATE

<< Interfaces offset table >>
Index  Offset      Interface
------------------------------------------------------------------------------
 0     0x000015FC    java/lang/Runnable

<< Methods >>
<init> ()V
------------------------------
    Offset:          0x00000CA4  
    Access flags:    0x0001     (PUBLIC)
    Locals size:     0x00000004  
    Bytecodes size:  0x00000006  
    Bytecodes start: 0x00000CB4  
    Hashcode:        0x0C1C    
    nArgs words:     0
    Exception table: -

<init> (Ljava/lang/Runnable;)V
------------------------------
    Offset:          0x00000CBC  
    Access flags:    0x0001     (PUBLIC)
    Locals size:     0x00000008  
    Bytecodes size:  0x0000000A  
    Bytecodes start: 0x00000CCC  
    Hashcode:        0x6EBB    
    nArgs words:     1
    Exception table: -

start (I)V
------------------------------
    Offset:          0x00000CD8  
    Native Index:    0x0000F012  
    Access flags:    0x0121     (NATIVE SYNCHRONIZED PUBLIC)
    Locals size:     0x00000000  
    Bytecodes size:  0x00000000  
    Bytecodes start: 0x00000CE8  
    Hashcode:        0x82C0    
    nArgs words:     1
    Exception table: -

set (I)V
------------------------------
    Offset:          0x00000CEC  
    Native Index:    0x0000F015  
    Access flags:    0x0109     (NATIVE STATIC PUBLIC)
    Locals size:     0x00000000  
    Bytecodes size:  0x00000000  
    Bytecodes start: 0x00000CFC  
    Hashcode:        0x86BE    
    nArgs words:     1
    Exception table: -

run ()V
------------------------------
    Offset:          0x00000D00  
    Access flags:    0x0001     (PUBLIC)
    Locals size:     0x00000004  
    Bytecodes size:  0x00000012  
    Bytecodes start: 0x00000D10  
    Hashcode:        0x0EF3    
    nArgs words:     0
    Exception table: -




############################################################
#  CLASS: java/lang/String    (692 bytes)
############################################################
Index:              19
Offset:             0x00000D2C  
Access flags:       0x0031     (SYNCHRONIZED FINAL PUBLIC)
Interfaces table:   0x00000000  
Super Offset:       0x00000134   (java/lang/Object)
run() Offset:       -
<clinit> Offset:    -
Methods Count:      0x00000009   (9)
Meth. Table Offset: 0x00000D88  

<< Constant Pool Offsets Table >>
Index       Offset        Type                  Name/Value
------------------------------------------------------------------------------
0x0000      0x00000174    MethodRef             java/lang/Object.<init>
0x0001      0x00000DDC    FieldRef              java/lang/String.value
0x0002      0x00000DE4    FieldRef              java/lang/String.count
0x0003      0x00000DE0    FieldRef              java/lang/String.offset
0x0004      0x00001034    MethodRef             java/lang/System.arraycopy
0x0005      0x00000BC4    MethodRef             java/lang/StringBuffer.length
0x0006      0x00000B94    MethodRef             java/lang/StringBuffer.getChars
0x0007      0x00000D2C    Class                 java/lang/String
0x0008      0x00000DE8    FieldRef              java/lang/String.hash
0x0009      0x00000DD0    String                "null"
0x000A      0x00000188    MethodRef             java/lang/Object.toString
0x000B      0x00000E14    MethodRef             java/lang/String.<init>
0x000C      0x0000119C    Class                 java/lang/Integer
0x000D      0x00001254    MethodRef             java/lang/Integer.<init>
0x000E      0x00001354    MethodRef             java/lang/Integer.toString

<< Method Hashcode/Offsets Table >>
Hashcode       Offset              Name & Signature
------------------------------------------------------------------------------
0x0C1C         0x00000DEC          java.lang.String.<init> ()V
0xAE7B         0x00000E14          java.lang.String.<init> ([C)V
0x9AD4         0x00000E4C          java.lang.String.<init> (Ljava/lang/StringBuffer;)V
0xE597         0x00000EA8          java.lang.String.equals (Ljava/lang/Object;)Z
0x5D19         0x00000F14          java.lang.String.hashCode ()I
0xFCAD         0x00000F68          java.lang.String.toString ()Ljava/lang/String;
0x8FC6         0x00000F7C          java.lang.String.valueOf (Ljava/lang/Object;)Ljava/lang/String;
0xBE4E         0x00000F9C          java.lang.String.valueOf (C)Ljava/lang/String;
0x7E60         0x00000FC0          java.lang.String.valueOf (I)Ljava/lang/String;

<< Constants >>
Offset        Type          Size      Hashcode      Value
------------------------------------------------------------------------------
0x00000DD0    String           4      0x5F60        "null"

<< Fields >>
Offset        Name                 Type     Index    Flags
------------------------------------------------------------------------------
0x00000DDC    value                [            0    
0x00000DE0    offset               I            1    
0x00000DE4    count                I            2    
0x00000DE8    hash                 I            3    

<< Methods >>
<init> ()V
------------------------------
    Offset:          0x00000DEC  
    Access flags:    0x0001     (PUBLIC)
    Locals size:     0x00000004  
    Bytecodes size:  0x00000016  
    Bytecodes start: 0x00000DFC  
    Hashcode:        0x0C1C    
    nArgs words:     0
    Exception table: -

<init> ([C)V
------------------------------
    Offset:          0x00000E14  
    Access flags:    0x0001     (PUBLIC)
    Locals size:     0x00000008  
    Bytecodes size:  0x00000024  
    Bytecodes start: 0x00000E24  
    Hashcode:        0xAE7B    
    nArgs words:     1
    Exception table: -

<init> (Ljava/lang/StringBuffer;)V
------------------------------
    Offset:          0x00000E4C  
    Access flags:    0x0001     (PUBLIC)
    Locals size:     0x00000010  
    Bytecodes size:  0x0000003A  
    Bytecodes start: 0x00000E5C  
    Hashcode:        0x9AD4    
    nArgs words:     1
    Exception table: Start PC  End PC    Handler PC  Catch Type
                     ................................................
                     0x0008    0x0031    0x0034      0xFFFF      finally clause
                     0x0034    0x0037    0x0034      0xFFFF      finally clause

equals (Ljava/lang/Object;)Z
------------------------------
    Offset:          0x00000EA8  
    Access flags:    0x0001     (PUBLIC)
    Locals size:     0x00000018  
    Bytecodes size:  0x00000058  
    Bytecodes start: 0x00000EB8  
    Hashcode:        0xE597    
    nArgs words:     1
    Exception table: -

hashCode ()I
------------------------------
    Offset:          0x00000F14  
    Access flags:    0x0001     (PUBLIC)
    Locals size:     0x0000000C  
    Bytecodes size:  0x00000040  
    Bytecodes start: 0x00000F24  
    Hashcode:        0x5D19    
    nArgs words:     0
    Exception table: -

toString ()Ljava/lang/String;
------------------------------
    Offset:          0x00000F68  
    Access flags:    0x0001     (PUBLIC)
    Locals size:     0x00000004  
    Bytecodes size:  0x00000002  
    Bytecodes start: 0x00000F78  
    Hashcode:        0xFCAD    
    nArgs words:     0
    Exception table: -

valueOf (Ljava/lang/Object;)Ljava/lang/String;
------------------------------
    Offset:          0x00000F7C  
    Access flags:    0x0009     (STATIC PUBLIC)
    Locals size:     0x00000004  
    Bytecodes size:  0x0000000C  
    Bytecodes start: 0x00000F8C  
    Hashcode:        0x8FC6    
    nArgs words:     1
    Exception table: -

valueOf (C)Ljava/lang/String;
------------------------------
    Offset:          0x00000F9C  
    Access flags:    0x0009     (STATIC PUBLIC)
    Locals size:     0x00000008  
    Bytecodes size:  0x00000012  
    Bytecodes start: 0x00000FAC  
    Hashcode:        0xBE4E    
    nArgs words:     1
    Exception table: -

valueOf (I)Ljava/lang/String;
------------------------------
    Offset:          0x00000FC0  
    Access flags:    0x0009     (STATIC PUBLIC)
    Locals size:     0x00000004  
    Bytecodes size:  0x0000000C  
    Bytecodes start: 0x00000FD0  
    Hashcode:        0x7E60    
    nArgs words:     1
    Exception table: -




############################################################
#  CLASS: java/lang/System    (124 bytes)
############################################################
Index:              20
Offset:             0x00000FE0  
Access flags:       0x0031     (SYNCHRONIZED FINAL PUBLIC)
Interfaces table:   0x00000000  
Super Offset:       0x00000134   (java/lang/Object)
run() Offset:       -
<clinit> Offset:    -
Methods Count:      0x00000003   (3)
Meth. Table Offset: 0x00001004  

<< Constant Pool Offsets Table >>
Index       Offset        Type                  Name/Value
------------------------------------------------------------------------------
0x0000      0x00000174    MethodRef             java/lang/Object.<init>

<< Method Hashcode/Offsets Table >>
Hashcode       Offset              Name & Signature
------------------------------------------------------------------------------
0x0C1C         0x0000101C          java.lang.System.<init> ()V
0xD7B6         0x00001034          java.lang.System.arraycopy (Ljava/lang/Object;ILjava/lang/Object;II)V
0xA0B8         0x00001048          java.lang.System.println (Ljava/lang/String;)V

<< Constants >>
Offset        Type          Size      Hashcode      Value
------------------------------------------------------------------------------

<< Fields >>
Offset        Name                 Type     Index    Flags
------------------------------------------------------------------------------

<< Methods >>
<init> ()V
------------------------------
    Offset:          0x0000101C  
    Access flags:    0x0002     (PRIVATE)
    Locals size:     0x00000004  
    Bytecodes size:  0x00000006  
    Bytecodes start: 0x0000102C  
    Hashcode:        0x0C1C    
    nArgs words:     0
    Exception table: -

arraycopy (Ljava/lang/Object;ILjava/lang/Object;II)V
------------------------------
    Offset:          0x00001034  
    Native Index:    0x0000F000  
    Access flags:    0x0109     (NATIVE STATIC PUBLIC)
    Locals size:     0x00000000  
    Bytecodes size:  0x00000000  
    Bytecodes start: 0x00001044  
    Hashcode:        0xD7B6    
    nArgs words:     5
    Exception table: -

println (Ljava/lang/String;)V
------------------------------
    Offset:          0x00001048  
    Native Index:    0x0000F006  
    Access flags:    0x0109     (NATIVE STATIC PUBLIC)
    Locals size:     0x00000000  
    Bytecodes size:  0x00000000  
    Bytecodes start: 0x00001058  
    Hashcode:        0xA0B8    
    nArgs words:     1
    Exception table: -




############################################################
#  CLASS: java/lang/VirtualMachineError    (104 bytes)
############################################################
Index:              21
Offset:             0x0000105C  
Access flags:       0x0421     (ABSTRACT SYNCHRONIZED PUBLIC)
Interfaces table:   0x00000000  
Super Offset:       0x000013F8   (java/lang/Error)
run() Offset:       -
<clinit> Offset:    -
Methods Count:      0x00000002   (2)
Meth. Table Offset: 0x00001084  

<< Constant Pool Offsets Table >>
Index       Offset        Type                  Name/Value
------------------------------------------------------------------------------
0x0000      0x00001430    MethodRef             java/lang/Error.<init>
0x0001      0x00001448    MethodRef             java/lang/Error.<init>

<< Method Hashcode/Offsets Table >>
Hashcode       Offset              Name & Signature
------------------------------------------------------------------------------
0x0C1C         0x00001094          java.lang.VirtualMachineError.<init> ()V
0x716E         0x000010AC          java.lang.VirtualMachineError.<init> (Ljava/lang/String;)V

<< Constants >>
Offset        Type          Size      Hashcode      Value
------------------------------------------------------------------------------

<< Fields >>
Offset        Name                 Type     Index    Flags
------------------------------------------------------------------------------

<< Methods >>
<init> ()V
------------------------------
    Offset:          0x00001094  
    Access flags:    0x0001     (PUBLIC)
    Locals size:     0x00000004  
    Bytecodes size:  0x00000006  
    Bytecodes start: 0x000010A4  
    Hashcode:        0x0C1C    
    nArgs words:     0
    Exception table: -

<init> (Ljava/lang/String;)V
------------------------------
    Offset:          0x000010AC  
    Access flags:    0x0001     (PUBLIC)
    Locals size:     0x00000008  
    Bytecodes size:  0x00000006  
    Bytecodes start: 0x000010BC  
    Hashcode:        0x716E    
    nArgs words:     1
    Exception table: -




############################################################
#  CLASS: java/lang/IncompatibleClassChangeError    (104 bytes)
############################################################
Index:              22
Offset:             0x000010C4  
Access flags:       0x0021     (SYNCHRONIZED PUBLIC)
Interfaces table:   0x00000000  
Super Offset:       0x00001460   (java/lang/LinkageError)
run() Offset:       -
<clinit> Offset:    -
Methods Count:      0x00000002   (2)
Meth. Table Offset: 0x000010EC  

<< Constant Pool Offsets Table >>
Index       Offset        Type                  Name/Value
------------------------------------------------------------------------------
0x0000      0x00001498    MethodRef             java/lang/LinkageError.<init>
0x0001      0x000014B0    MethodRef             java/lang/LinkageError.<init>

<< Method Hashcode/Offsets Table >>
Hashcode       Offset              Name & Signature
------------------------------------------------------------------------------
0x0C1C         0x000010FC          java.lang.IncompatibleClassChangeError.<init> ()V
0x716E         0x00001114          java.lang.IncompatibleClassChangeError.<init> (Ljava/lang/String;)V

<< Constants >>
Offset        Type          Size      Hashcode      Value
------------------------------------------------------------------------------

<< Fields >>
Offset        Name                 Type     Index    Flags
------------------------------------------------------------------------------

<< Methods >>
<init> ()V
------------------------------
    Offset:          0x000010FC  
    Access flags:    0x0001     (PUBLIC)
    Locals size:     0x00000004  
    Bytecodes size:  0x00000006  
    Bytecodes start: 0x0000110C  
    Hashcode:        0x0C1C    
    nArgs words:     0
    Exception table: -

<init> (Ljava/lang/String;)V
------------------------------
    Offset:          0x00001114  
    Access flags:    0x0001     (PUBLIC)
    Locals size:     0x00000008  
    Bytecodes size:  0x00000006  
    Bytecodes start: 0x00001124  
    Hashcode:        0x716E    
    nArgs words:     1
    Exception table: -




############################################################
#  CLASS: java/lang/RuntimeException    (104 bytes)
############################################################
Index:              23
Offset:             0x0000112C  
Access flags:       0x0021     (SYNCHRONIZED PUBLIC)
Interfaces table:   0x00000000  
Super Offset:       0x000014C8   (java/lang/Exception)
run() Offset:       -
<clinit> Offset:    -
Methods Count:      0x00000002   (2)
Meth. Table Offset: 0x00001154  

<< Constant Pool Offsets Table >>
Index       Offset        Type                  Name/Value
------------------------------------------------------------------------------
0x0000      0x00001500    MethodRef             java/lang/Exception.<init>
0x0001      0x00001518    MethodRef             java/lang/Exception.<init>

<< Method Hashcode/Offsets Table >>
Hashcode       Offset              Name & Signature
------------------------------------------------------------------------------
0x0C1C         0x00001164          java.lang.RuntimeException.<init> ()V
0x716E         0x0000117C          java.lang.RuntimeException.<init> (Ljava/lang/String;)V

<< Constants >>
Offset        Type          Size      Hashcode      Value
------------------------------------------------------------------------------

<< Fields >>
Offset        Name                 Type     Index    Flags
------------------------------------------------------------------------------

<< Methods >>
<init> ()V
------------------------------
    Offset:          0x00001164  
    Access flags:    0x0001     (PUBLIC)
    Locals size:     0x00000004  
    Bytecodes size:  0x00000006  
    Bytecodes start: 0x00001174  
    Hashcode:        0x0C1C    
    nArgs words:     0
    Exception table: -

<init> (Ljava/lang/String;)V
------------------------------
    Offset:          0x0000117C  
    Access flags:    0x0001     (PUBLIC)
    Locals size:     0x00000008  
    Bytecodes size:  0x00000006  
    Bytecodes start: 0x0000118C  
    Hashcode:        0x716E    
    nArgs words:     1
    Exception table: -




************************************************************
*  Array Type Class: [C    (8 bytes)
************************************************************
Index:              24
Access flags:       0x8000     (ARRAY_TYPE)
Offset:             0x00001194  
Array type:         5 - char
Array class type:   -



############################################################
#  CLASS: java/lang/Integer    (604 bytes)
############################################################
Index:              25
Offset:             0x0000119C  
Access flags:       0x0031     (SYNCHRONIZED FINAL PUBLIC)
Interfaces table:   0x00000000  
Super Offset:       0x00001638   (java/lang/Number)
run() Offset:       -
<clinit> Offset:    -
Methods Count:      0x0000000A   (10)
Meth. Table Offset: 0x000011F8  

<< Constant Pool Offsets Table >>
Index       Offset        Type                  Name/Value
------------------------------------------------------------------------------
0x0000      0x00001664    MethodRef             java/lang/Number.<init>
0x0001      0x00001250    FieldRef              java/lang/Integer.value
0x0002      0x00001248    String                "0"
0x0003      0x0000119C    Class                 java/lang/Integer
0x0004      0x000012D4    MethodRef             java/lang/Integer.intValue
0x0005      0x00000960    Class                 java/lang/StringBuffer
0x0006      0x00000A2C    MethodRef             java/lang/StringBuffer.<init>
0x0007      0x000017BC    MethodRef             java/lang/Character.forDigit
0x0008      0x00000A9C    MethodRef             java/lang/StringBuffer.append
0x0009      0x00000BDC    MethodRef             java/lang/StringBuffer.reverse
0x000A      0x00000C2C    MethodRef             java/lang/StringBuffer.toString
0x000B      0x000012EC    MethodRef             java/lang/Integer.toUnsignedString
0x000C      0x00001370    MethodRef             java/lang/Integer.toString
0x000D      0x0000138C    MethodRef             java/lang/Integer.toString
0x000E      0x00001844    MethodRef             java/lang/Math.abs

<< Method Hashcode/Offsets Table >>
Hashcode       Offset              Name & Signature
------------------------------------------------------------------------------
0x6EE3         0x00001254          java.lang.Integer.<init> (I)V
0xE597         0x00001270          java.lang.Integer.equals (Ljava/lang/Object;)Z
0xDD2F         0x000012A4          java.lang.Integer.floatValue ()F
0x5D19         0x000012BC          java.lang.Integer.hashCode ()I
0xE063         0x000012D4          java.lang.Integer.intValue ()I
0x360A         0x000012EC          java.lang.Integer.toUnsignedString (II)Ljava/lang/String;
0x9CFA         0x0000133C          java.lang.Integer.toHexString (I)Ljava/lang/String;
0xFCAD         0x00001354          java.lang.Integer.toString ()Ljava/lang/String;
0x3FAF         0x00001370          java.lang.Integer.toString (I)Ljava/lang/String;
0x01ED         0x0000138C          java.lang.Integer.toString (II)Ljava/lang/String;

<< Constants >>
Offset        Type          Size      Hashcode      Value
------------------------------------------------------------------------------
0x00001248    String           1      0x1400        "0"

<< Fields >>
Offset        Name                 Type     Index    Flags
------------------------------------------------------------------------------
0x00001250    value                I            0    PRIVATE

<< Methods >>
<init> (I)V
------------------------------
    Offset:          0x00001254  
    Access flags:    0x0001     (PUBLIC)
    Locals size:     0x00000008  
    Bytecodes size:  0x0000000A  
    Bytecodes start: 0x00001264  
    Hashcode:        0x6EE3    
    nArgs words:     1
    Exception table: -

equals (Ljava/lang/Object;)Z
------------------------------
    Offset:          0x00001270  
    Access flags:    0x0001     (PUBLIC)
    Locals size:     0x00000008  
    Bytecodes size:  0x00000022  
    Bytecodes start: 0x00001280  
    Hashcode:        0xE597    
    nArgs words:     1
    Exception table: -

floatValue ()F
------------------------------
    Offset:          0x000012A4  
    Access flags:    0x0001     (PUBLIC)
    Locals size:     0x00000004  
    Bytecodes size:  0x00000006  
    Bytecodes start: 0x000012B4  
    Hashcode:        0xDD2F    
    nArgs words:     0
    Exception table: -

hashCode ()I
------------------------------
    Offset:          0x000012BC  
    Access flags:    0x0001     (PUBLIC)
    Locals size:     0x00000004  
    Bytecodes size:  0x00000006  
    Bytecodes start: 0x000012CC  
    Hashcode:        0x5D19    
    nArgs words:     0
    Exception table: -

intValue ()I
------------------------------
    Offset:          0x000012D4  
    Access flags:    0x0001     (PUBLIC)
    Locals size:     0x00000004  
    Bytecodes size:  0x00000006  
    Bytecodes start: 0x000012E4  
    Hashcode:        0xE063    
    nArgs words:     0
    Exception table: -

toUnsignedString (II)Ljava/lang/String;
------------------------------
    Offset:          0x000012EC  
    Access flags:    0x000A     (STATIC PRIVATE)
    Locals size:     0x00000018  
    Bytecodes size:  0x0000003E  
    Bytecodes start: 0x000012FC  
    Hashcode:        0x360A    
    nArgs words:     2
    Exception table: -

toHexString (I)Ljava/lang/String;
------------------------------
    Offset:          0x0000133C  
    Access flags:    0x0009     (STATIC PUBLIC)
    Locals size:     0x00000004  
    Bytecodes size:  0x00000006  
    Bytecodes start: 0x0000134C  
    Hashcode:        0x9CFA    
    nArgs words:     1
    Exception table: -

toString ()Ljava/lang/String;
------------------------------
    Offset:          0x00001354  
    Access flags:    0x0001     (PUBLIC)
    Locals size:     0x00000004  
    Bytecodes size:  0x00000008  
    Bytecodes start: 0x00001364  
    Hashcode:        0xFCAD    
    nArgs words:     0
    Exception table: -

toString (I)Ljava/lang/String;
------------------------------
    Offset:          0x00001370  
    Access flags:    0x0009     (STATIC PUBLIC)
    Locals size:     0x00000004  
    Bytecodes size:  0x00000008  
    Bytecodes start: 0x00001380  
    Hashcode:        0x3FAF    
    nArgs words:     1
    Exception table: -

toString (II)Ljava/lang/String;
------------------------------
    Offset:          0x0000138C  
    Access flags:    0x0009     (STATIC PUBLIC)
    Locals size:     0x00000014  
    Bytecodes size:  0x0000005A  
    Bytecodes start: 0x0000139C  
    Hashcode:        0x01ED    
    nArgs words:     2
    Exception table: -




############################################################
#  CLASS: java/lang/Error    (104 bytes)
############################################################
Index:              26
Offset:             0x000013F8  
Access flags:       0x0021     (SYNCHRONIZED PUBLIC)
Interfaces table:   0x00000000  
Super Offset:       0x00001530   (java/lang/Throwable)
run() Offset:       -
<clinit> Offset:    -
Methods Count:      0x00000002   (2)
Meth. Table Offset: 0x00001420  

<< Constant Pool Offsets Table >>
Index       Offset        Type                  Name/Value
------------------------------------------------------------------------------
0x0000      0x0000158C    MethodRef             java/lang/Throwable.<init>
0x0001      0x000015A4    MethodRef             java/lang/Throwable.<init>

<< Method Hashcode/Offsets Table >>
Hashcode       Offset              Name & Signature
------------------------------------------------------------------------------
0x0C1C         0x00001430          java.lang.Error.<init> ()V
0x716E         0x00001448          java.lang.Error.<init> (Ljava/lang/String;)V

<< Constants >>
Offset        Type          Size      Hashcode      Value
------------------------------------------------------------------------------

<< Fields >>
Offset        Name                 Type     Index    Flags
------------------------------------------------------------------------------

<< Methods >>
<init> ()V
------------------------------
    Offset:          0x00001430  
    Access flags:    0x0001     (PUBLIC)
    Locals size:     0x00000004  
    Bytecodes size:  0x00000006  
    Bytecodes start: 0x00001440  
    Hashcode:        0x0C1C    
    nArgs words:     0
    Exception table: -

<init> (Ljava/lang/String;)V
------------------------------
    Offset:          0x00001448  
    Access flags:    0x0001     (PUBLIC)
    Locals size:     0x00000008  
    Bytecodes size:  0x00000006  
    Bytecodes start: 0x00001458  
    Hashcode:        0x716E    
    nArgs words:     1
    Exception table: -




############################################################
#  CLASS: java/lang/LinkageError    (104 bytes)
############################################################
Index:              27
Offset:             0x00001460  
Access flags:       0x0021     (SYNCHRONIZED PUBLIC)
Interfaces table:   0x00000000  
Super Offset:       0x000013F8   (java/lang/Error)
run() Offset:       -
<clinit> Offset:    -
Methods Count:      0x00000002   (2)
Meth. Table Offset: 0x00001488  

<< Constant Pool Offsets Table >>
Index       Offset        Type                  Name/Value
------------------------------------------------------------------------------
0x0000      0x00001430    MethodRef             java/lang/Error.<init>
0x0001      0x00001448    MethodRef             java/lang/Error.<init>

<< Method Hashcode/Offsets Table >>
Hashcode       Offset              Name & Signature
------------------------------------------------------------------------------
0x0C1C         0x00001498          java.lang.LinkageError.<init> ()V
0x716E         0x000014B0          java.lang.LinkageError.<init> (Ljava/lang/String;)V

<< Constants >>
Offset        Type          Size      Hashcode      Value
------------------------------------------------------------------------------

<< Fields >>
Offset        Name                 Type     Index    Flags
------------------------------------------------------------------------------

<< Methods >>
<init> ()V
------------------------------
    Offset:          0x00001498  
    Access flags:    0x0001     (PUBLIC)
    Locals size:     0x00000004  
    Bytecodes size:  0x00000006  
    Bytecodes start: 0x000014A8  
    Hashcode:        0x0C1C    
    nArgs words:     0
    Exception table: -

<init> (Ljava/lang/String;)V
------------------------------
    Offset:          0x000014B0  
    Access flags:    0x0001     (PUBLIC)
    Locals size:     0x00000008  
    Bytecodes size:  0x00000006  
    Bytecodes start: 0x000014C0  
    Hashcode:        0x716E    
    nArgs words:     1
    Exception table: -




############################################################
#  CLASS: java/lang/Exception    (104 bytes)
############################################################
Index:              28
Offset:             0x000014C8  
Access flags:       0x0021     (SYNCHRONIZED PUBLIC)
Interfaces table:   0x00000000  
Super Offset:       0x00001530   (java/lang/Throwable)
run() Offset:       -
<clinit> Offset:    -
Methods Count:      0x00000002   (2)
Meth. Table Offset: 0x000014F0  

<< Constant Pool Offsets Table >>
Index       Offset        Type                  Name/Value
------------------------------------------------------------------------------
0x0000      0x0000158C    MethodRef             java/lang/Throwable.<init>
0x0001      0x000015A4    MethodRef             java/lang/Throwable.<init>

<< Method Hashcode/Offsets Table >>
Hashcode       Offset              Name & Signature
------------------------------------------------------------------------------
0x0C1C         0x00001500          java.lang.Exception.<init> ()V
0x716E         0x00001518          java.lang.Exception.<init> (Ljava/lang/String;)V

<< Constants >>
Offset        Type          Size      Hashcode      Value
------------------------------------------------------------------------------

<< Fields >>
Offset        Name                 Type     Index    Flags
------------------------------------------------------------------------------

<< Methods >>
<init> ()V
------------------------------
    Offset:          0x00001500  
    Access flags:    0x0001     (PUBLIC)
    Locals size:     0x00000004  
    Bytecodes size:  0x00000006  
    Bytecodes start: 0x00001510  
    Hashcode:        0x0C1C    
    nArgs words:     0
    Exception table: -

<init> (Ljava/lang/String;)V
------------------------------
    Offset:          0x00001518  
    Access flags:    0x0001     (PUBLIC)
    Locals size:     0x00000008  
    Bytecodes size:  0x00000006  
    Bytecodes start: 0x00001528  
    Hashcode:        0x716E    
    nArgs words:     1
    Exception table: -




############################################################
#  CLASS: java/lang/Throwable    (204 bytes)
############################################################
Index:              29
Offset:             0x00001530  
Access flags:       0x0021     (SYNCHRONIZED PUBLIC)
Interfaces table:   0x00000000  
Super Offset:       0x00000134   (java/lang/Object)
run() Offset:       -
<clinit> Offset:    -
Methods Count:      0x00000004   (4)
Meth. Table Offset: 0x00001560  

<< Constant Pool Offsets Table >>
Index       Offset        Type                  Name/Value
------------------------------------------------------------------------------
0x0000      0x00000174    MethodRef             java/lang/Object.<init>
0x0001      0x00001588    FieldRef              java/lang/Throwable.detailMessage
0x0002      0x000015C0    MethodRef             java/lang/Throwable.getMessage
0x0003      0x00001580    String                ""

<< Method Hashcode/Offsets Table >>
Hashcode       Offset              Name & Signature
------------------------------------------------------------------------------
0x0C1C         0x0000158C          java.lang.Throwable.<init> ()V
0x716E         0x000015A4          java.lang.Throwable.<init> (Ljava/lang/String;)V
0xCA71         0x000015C0          java.lang.Throwable.getMessage ()Ljava/lang/String;
0xFCAD         0x000015D8          java.lang.Throwable.toString ()Ljava/lang/String;

<< Constants >>
Offset        Type          Size      Hashcode      Value
------------------------------------------------------------------------------
0x00001580    String           0      0x0000        ""

<< Fields >>
Offset        Name                 Type     Index    Flags
------------------------------------------------------------------------------
0x00001588    detailMessage        L            0    PRIVATE

<< Methods >>
<init> ()V
------------------------------
    Offset:          0x0000158C  
    Access flags:    0x0001     (PUBLIC)
    Locals size:     0x00000004  
    Bytecodes size:  0x00000006  
    Bytecodes start: 0x0000159C  
    Hashcode:        0x0C1C    
    nArgs words:     0
    Exception table: -

<init> (Ljava/lang/String;)V
------------------------------
    Offset:          0x000015A4  
    Access flags:    0x0001     (PUBLIC)
    Locals size:     0x00000008  
    Bytecodes size:  0x0000000A  
    Bytecodes start: 0x000015B4  
    Hashcode:        0x716E    
    nArgs words:     1
    Exception table: -

getMessage ()Ljava/lang/String;
------------------------------
    Offset:          0x000015C0  
    Access flags:    0x0001     (PUBLIC)
    Locals size:     0x00000004  
    Bytecodes size:  0x00000006  
    Bytecodes start: 0x000015D0  
    Hashcode:        0xCA71    
    nArgs words:     0
    Exception table: -

toString ()Ljava/lang/String;
------------------------------
    Offset:          0x000015D8  
    Access flags:    0x0001     (PUBLIC)
    Locals size:     0x00000008  
    Bytecodes size:  0x00000010  
    Bytecodes start: 0x000015E8  
    Hashcode:        0xFCAD    
    nArgs words:     0
    Exception table: -




############################################################
#  INTERFACE: java/lang/Runnable    (60 bytes)
############################################################
Index:              30
Offset:             0x000015FC  
Access flags:       0x0601     (ABSTRACT INTERFACE PUBLIC)
Interfaces table:   0x00000000  
Super Offset:       0x00000134   (java/lang/Object)
run() Offset:       -
<clinit> Offset:    -
Methods Count:      0x00000001   (1)
Meth. Table Offset: 0x0000161C  

<< Constant Pool Offsets Table >>
Index       Offset        Type                  Name/Value
------------------------------------------------------------------------------

<< Method Hashcode/Offsets Table >>
Hashcode       Offset              Name & Signature
------------------------------------------------------------------------------
0x0EF3         0x00001624          java.lang.Runnable.run ()V

<< Constants >>
Offset        Type          Size      Hashcode      Value
------------------------------------------------------------------------------

<< Fields >>
Offset        Name                 Type     Index    Flags
------------------------------------------------------------------------------

<< Methods >>
run ()V
------------------------------
    Offset:          0x00001624  
    Access flags:    0x0401     (ABSTRACT PUBLIC)
    Locals size:     0x00000000  
    Bytecodes size:  0x00000000  
    Bytecodes start: 0x00001634  
    Hashcode:        0x0EF3    
    nArgs words:     0
    Exception table: -




############################################################
#  CLASS: java/lang/Number    (68 bytes)
############################################################
Index:              31
Offset:             0x00001638  
Access flags:       0x0421     (ABSTRACT SYNCHRONIZED PUBLIC)
Interfaces table:   0x00000000  
Super Offset:       0x00000134   (java/lang/Object)
run() Offset:       -
<clinit> Offset:    -
Methods Count:      0x00000001   (1)
Meth. Table Offset: 0x0000165C  

<< Constant Pool Offsets Table >>
Index       Offset        Type                  Name/Value
------------------------------------------------------------------------------
0x0000      0x00000174    MethodRef             java/lang/Object.<init>

<< Method Hashcode/Offsets Table >>
Hashcode       Offset              Name & Signature
------------------------------------------------------------------------------
0x0C1C         0x00001664          java.lang.Number.<init> ()V

<< Constants >>
Offset        Type          Size      Hashcode      Value
------------------------------------------------------------------------------

<< Fields >>
Offset        Name                 Type     Index    Flags
------------------------------------------------------------------------------

<< Methods >>
<init> ()V
------------------------------
    Offset:          0x00001664  
    Access flags:    0x0001     (PUBLIC)
    Locals size:     0x00000004  
    Bytecodes size:  0x00000006  
    Bytecodes start: 0x00001674  
    Hashcode:        0x0C1C    
    nArgs words:     0
    Exception table: -




############################################################
#  CLASS: java/lang/StringIndexOutOfBoundsException    (104 bytes)
############################################################
Index:              32
Offset:             0x0000167C  
Access flags:       0x0021     (SYNCHRONIZED PUBLIC)
Interfaces table:   0x00000000  
Super Offset:       0x0000112C   (java/lang/RuntimeException)
run() Offset:       -
<clinit> Offset:    -
Methods Count:      0x00000002   (2)
Meth. Table Offset: 0x000016A4  

<< Constant Pool Offsets Table >>
Index       Offset        Type                  Name/Value
------------------------------------------------------------------------------
0x0000      0x00001164    MethodRef             java/lang/RuntimeException.<init>
0x0001      0x0000117C    MethodRef             java/lang/RuntimeException.<init>

<< Method Hashcode/Offsets Table >>
Hashcode       Offset              Name & Signature
------------------------------------------------------------------------------
0x0C1C         0x000016B4          java.lang.StringIndexOutOfBoundsException.<init> ()V
0x716E         0x000016CC          java.lang.StringIndexOutOfBoundsException.<init> (Ljava/lang/String;)V

<< Constants >>
Offset        Type          Size      Hashcode      Value
------------------------------------------------------------------------------

<< Fields >>
Offset        Name                 Type     Index    Flags
------------------------------------------------------------------------------

<< Methods >>
<init> ()V
------------------------------
    Offset:          0x000016B4  
    Access flags:    0x0001     (PUBLIC)
    Locals size:     0x00000004  
    Bytecodes size:  0x00000006  
    Bytecodes start: 0x000016C4  
    Hashcode:        0x0C1C    
    nArgs words:     0
    Exception table: -

<init> (Ljava/lang/String;)V
------------------------------
    Offset:          0x000016CC  
    Access flags:    0x0001     (PUBLIC)
    Locals size:     0x00000008  
    Bytecodes size:  0x00000006  
    Bytecodes start: 0x000016DC  
    Hashcode:        0x716E    
    nArgs words:     1
    Exception table: -




############################################################
#  CLASS: java/lang/Character    (276 bytes)
############################################################
Index:              33
Offset:             0x000016E4  
Access flags:       0x0031     (SYNCHRONIZED FINAL PUBLIC)
Interfaces table:   0x00000000  
Super Offset:       0x00000134   (java/lang/Object)
run() Offset:       -
<clinit> Offset:    -
Methods Count:      0x00000005   (5)
Meth. Table Offset: 0x00001714  

<< Constant Pool Offsets Table >>
Index       Offset        Type                  Name/Value
------------------------------------------------------------------------------
0x0000      0x0000173C    FieldRef              java/lang/Character.value
0x0001      0x000016E4    Class                 java/lang/Character
0x0002      0x00001740    MethodRef             java/lang/Character.charValue
0x0003      0x00000F9C    MethodRef             java/lang/String.valueOf

<< Method Hashcode/Offsets Table >>
Hashcode       Offset              Name & Signature
------------------------------------------------------------------------------
0x36C3         0x00001740          java.lang.Character.charValue ()C
0x5D19         0x00001758          java.lang.Character.hashCode ()I
0xE597         0x00001770          java.lang.Character.equals (Ljava/lang/Object;)Z
0xFCAD         0x000017A0          java.lang.Character.toString ()Ljava/lang/String;
0x42C2         0x000017BC          java.lang.Character.forDigit (II)C

<< Constants >>
Offset        Type          Size      Hashcode      Value
------------------------------------------------------------------------------

<< Fields >>
Offset        Name                 Type     Index    Flags
------------------------------------------------------------------------------
0x0000173C    value                C            0    PRIVATE

<< Methods >>
charValue ()C
------------------------------
    Offset:          0x00001740  
    Access flags:    0x0001     (PUBLIC)
    Locals size:     0x00000004  
    Bytecodes size:  0x00000006  
    Bytecodes start: 0x00001750  
    Hashcode:        0x36C3    
    nArgs words:     0
    Exception table: -

hashCode ()I
------------------------------
    Offset:          0x00001758  
    Access flags:    0x0001     (PUBLIC)
    Locals size:     0x00000004  
    Bytecodes size:  0x00000006  
    Bytecodes start: 0x00001768  
    Hashcode:        0x5D19    
    nArgs words:     0
    Exception table: -

equals (Ljava/lang/Object;)Z
------------------------------
    Offset:          0x00001770  
    Access flags:    0x0001     (PUBLIC)
    Locals size:     0x00000008  
    Bytecodes size:  0x0000001E  
    Bytecodes start: 0x00001780  
    Hashcode:        0xE597    
    nArgs words:     1
    Exception table: -

toString ()Ljava/lang/String;
------------------------------
    Offset:          0x000017A0  
    Access flags:    0x0001     (PUBLIC)
    Locals size:     0x00000004  
    Bytecodes size:  0x00000008  
    Bytecodes start: 0x000017B0  
    Hashcode:        0xFCAD    
    nArgs words:     0
    Exception table: -

forDigit (II)C
------------------------------
    Offset:          0x000017BC  
    Access flags:    0x0009     (STATIC PUBLIC)
    Locals size:     0x00000008  
    Bytecodes size:  0x0000002A  
    Bytecodes start: 0x000017CC  
    Hashcode:        0x42C2    
    nArgs words:     2
    Exception table: -




############################################################
#  CLASS: java/lang/Math    (104 bytes)
############################################################
Index:              34
Offset:             0x000017F8  
Access flags:       0x0031     (SYNCHRONIZED FINAL PUBLIC)
Interfaces table:   0x00000000  
Super Offset:       0x00000134   (java/lang/Object)
run() Offset:       -
<clinit> Offset:    -
Methods Count:      0x00000002   (2)
Meth. Table Offset: 0x0000181C  

<< Constant Pool Offsets Table >>
Index       Offset        Type                  Name/Value
------------------------------------------------------------------------------
0x0000      0x00000174    MethodRef             java/lang/Object.<init>

<< Method Hashcode/Offsets Table >>
Hashcode       Offset              Name & Signature
------------------------------------------------------------------------------
0x0C1C         0x0000182C          java.lang.Math.<init> ()V
0xE5E5         0x00001844          java.lang.Math.abs (I)I

<< Constants >>
Offset        Type          Size      Hashcode      Value
------------------------------------------------------------------------------

<< Fields >>
Offset        Name                 Type     Index    Flags
------------------------------------------------------------------------------

<< Methods >>
<init> ()V
------------------------------
    Offset:          0x0000182C  
    Access flags:    0x0001     (PUBLIC)
    Locals size:     0x00000004  
    Bytecodes size:  0x00000006  
    Bytecodes start: 0x0000183C  
    Hashcode:        0x0C1C    
    nArgs words:     0
    Exception table: -

abs (I)I
------------------------------
    Offset:          0x00001844  
    Access flags:    0x0009     (STATIC PUBLIC)
    Locals size:     0x00000004  
    Bytecodes size:  0x0000000A  
    Bytecodes start: 0x00001854  
    Hashcode:        0xE5E5    
    nArgs words:     1
    Exception table: -


